// Jest Snapshot v1, https://goo.gl/fbAQLP

exports[`should render correctly 1`] = `
<div
  className="Modal__Container-sc-hqhzu9-0 kaeSxP"
>
  <div
    className="Modal__Content-sc-hqhzu9-1 VGEZs"
  >
    <div>
      Modal content
    </div>
  </div>
</div>
`;
